METATOOL OUTPUT Version 3.5 (28.03.2001) C:\METATOOL\META35~1.EXE

INPUT FILE: EXAMPLE3.TXT

INTERNAL METABOLITES: 7
REACTIONS: 3

  1 int      L-Glutamine
  1 int      H2O
  1 int      L-glutamate
  1 int      NH3
  1 int      L-Aspartate
  1 int      L-alanine
  1 int      CO2
  7 metabolites,   7 is the summarized frequency

edges	frequency of nodes
  0	  0
  1	  7

STOICHIOMETRIC MATRIX
 
 matrix dimension r7 x c3
-1  0  0 
-1  0  0 
 1  0  0 
 1  0  0 
 0  0 -1 
 0  0  1 
 0  0  1 
The following line indicates reversible (0) and irreversible reactions (1)
 0  1  1 
rows and columns are sorted as declared in the inputfile

NOT BALANCED INTERNAL METABOLITES
L-Glutamine	H2O	L-glutamate	NH3	L-Aspartate	L-alanine	CO2	

KERNEL
 
 matrix dimension r1 x c3
 0  1  0 
3 reactions (columns) are sorted in the same order as in the ENZREV ENZIRREV section.

 enzymes

 1:	 3.5.1.38 irreversible

 overall reaction
 - not found -


The remaining overall reactions perform no net transformation of external metabolites.

SUBSETS OF REACTIONS
 
 matrix dimension r1 x c3
 0  1  0 
3 reactions (columns) are sorted in the same order as in the ENZREV ENZIRREV section.

 enzymes

 1:	 3.5.1.38 irreversible

 overall reaction
 - not found -


The remaining overall reactions perform no net transformation of external metabolites.

REDUCED SYSTEM with 7 branch point metabolites in 1 reactions (columns)
 
 matrix dimension r0 x c1
The following line indicates reversible (0) and irreversible reactions (1)
 1 

-> Branch metabolites are : 
met                 	cons	built	reactions

-> No branch metabolites are : 
met                 	cons	built	reactions
L-Glutamine         	1	0	1	r
H2O                 	1	0	1	r
L-glutamate         	0	1	1	r
NH3                 	0	1	1	r
L-Aspartate         	1	0	1	i
L-alanine           	0	1	1	i
CO2                 	0	1	1	i

CONVEX BASIS
 
 matrix dimension r1 x c3
 0  1  0 

 enzymes

 1:	 3.5.1.38 irreversible

 overall reaction
 - not found -


The remaining overall reactions perform no net transformation of external metabolites.

CONSERVATION RELATIONS
 
 matrix dimension r5 x c7
 1 -1  0  0  0  0  0 
 1  0  1  0  0  0  0 
 1  0  0  1  0  0  0 
 0  0  0  0  1  1  0 
 0  0  0  0  1  0  1 
 1 :	L-Glutamine + H2O = const
 2 :	L-Glutamine + L-glutamate = const
 3 :	L-Glutamine + NH3 = const
 4 :	L-Aspartate + L-alanine = const
 5 :	L-Aspartate + CO2 = const

ELEMENTARY MODES
 
 matrix dimension r1 x c3
 0  1  0 
3 reactions (columns) are sorted in the same order as in the ENZREV ENZIRREV section.

 enzymes

 1:	 3.5.1.38 irreversible

 overall reaction
 - not found -


The remaining overall reactions perform no net transformation of external metabolites.

The elementary modes ARE EQUAL to convex basis.
